// Jest Snapshot v1, https://goo.gl/fbAQLP

exports[`Nav Component matches snapshot 1`] = `[Function]`;
