// Jest Snapshot v1, https://goo.gl/fbAQLP

exports[`ContactForm matches snapshot 1`] = `[Function]`;
